File version: 8
File size: 126
Frame size: (0,6400)x(0,4800)
Frame rate: 12.000000 / sec.
Total frames: 2

Offset: 20 (0x0014)
Block type: 69 (SWF_FILEATTRIBUTES)
Block length: 4

 FileAttributes: HasMetaData 0, UseNetwork 0, HasAS3 0

Offset: 26 (0x001a)
Block type: 83 (SWF_DEFINESHAPE4)
Block length: 36

 CharacterID: 1
 RECT:  (100,100)x(1010,610):11
 RECT:  (100,100)x(1000,600):11
   UsesNonScalingStrokes: 0
   UsesScalingStrokes: 0
 FillStyleArray:  FillStyleCount:      0  FillStyleCountExtended:      0
 LineStyleArray:  LineStyleCount: 1
 LineStyle2:  Width: 20
 StartCapStyle: 0
 JoinStyle: 0
 HasFillFlag: 0
 NoHScaleFlag: 0
 NoVScaleFlag: 0
 PixelHintingFlag 1
 NoClose 0
 EndCapStyle 0
 RGBA: (19, 0, 0,80)
 NumFillBits: 0
 NumLineBits: 1
 StyleChangeRecord:
  StateNewStyles: 0 StateLineStyle: 1  StateFillStyle1: 0
  StateFillStyle0: 0 StateMoveTo: 1
   LineStyle: 1
   MoveBits: 8  MoveDeltaX: 100  MoveDeltaY: 100
 Straight EdgeRecord: (9) - (900, 500)
  ENDSHAPE

Offset: 64 (0x0040)
Block type: 26 (SWF_PLACEOBJECT2)
Block length: 6

 PlaceFlagHasClipActions 0
 PlaceFlagHasClipDepth 0
 PlaceFlagHasName 0
 PlaceFlagHasRatio 0
 PlaceFlagHasColorTransform 0
 PlaceFlagHasMatrix 1
 PlaceFlagHasCharacter 1
 PlaceFlagMove 0
 Depth 1
 CharacterID: 1
  Matrix:
   TranslateX      0 TranslateY      0

Offset: 72 (0x0048)
Block type: 1 (SWF_SHOWFRAME)
Block length: 0


Offset: 74 (0x004a)
Block type: 83 (SWF_DEFINESHAPE4)
Block length: 39

 CharacterID: 2
 RECT:  (100,100)x(1010,2610):13
 RECT:  (100,100)x(1000,2600):13
   UsesNonScalingStrokes: 0
   UsesScalingStrokes: 0
 FillStyleArray:  FillStyleCount:      0  FillStyleCountExtended:      0
 LineStyleArray:  LineStyleCount: 1
 LineStyle2:  Width: 20
 StartCapStyle: 0
 JoinStyle: 0
 HasFillFlag: 0
 NoHScaleFlag: 0
 NoVScaleFlag: 0
 PixelHintingFlag 1
 NoClose 0
 EndCapStyle 0
 RGBA: (19,64,64,ff)
 NumFillBits: 0
 NumLineBits: 1
 StyleChangeRecord:
  StateNewStyles: 0 StateLineStyle: 1  StateFillStyle1: 0
  StateFillStyle0: 0 StateMoveTo: 1
   LineStyle: 1
   MoveBits: 8  MoveDeltaX: 100  MoveDeltaY: 100
 Straight EdgeRecord: (11) - (900, 2500)
  ENDSHAPE

Offset: 115 (0x0073)
Block type: 26 (SWF_PLACEOBJECT2)
Block length: 5

 PlaceFlagHasClipActions 0
 PlaceFlagHasClipDepth 0
 PlaceFlagHasName 0
 PlaceFlagHasRatio 0
 PlaceFlagHasColorTransform 0
 PlaceFlagHasMatrix 0
 PlaceFlagHasCharacter 1
 PlaceFlagMove 1
 Depth 1
 CharacterID: 2

Offset: 122 (0x007a)
Block type: 1 (SWF_SHOWFRAME)
Block length: 0


Offset: 124 (0x007c)
Block type: 0 (SWF_END)
Block length: 0


