File version: 7
File size: 36
Frame size: (0,6400)x(0,4800)
Frame rate: 12.000000 / sec.
Total frames: 1

Offset: 20 (0x0014)
Block type: 66 (SWF_SETTABINDEX)
Block length: 4

 Depth: 1
 TabIndex: 2

Offset: 26 (0x001a)
Block type: 66 (SWF_SETTABINDEX)
Block length: 4

 Depth: 2
 TabIndex: 2

Offset: 32 (0x0020)
Block type: 1 (SWF_SHOWFRAME)
Block length: 0


Offset: 34 (0x0022)
Block type: 0 (SWF_END)
Block length: 0


