File version: 5
File size: 60
Frame size: (0,6400)x(0,4800)
Frame rate: 12.000000 / sec.
Total frames: 1

Offset: 20 (0x0014)
Block type: 39 (SWF_DEFINESPRITE)
Block length: 8

 CharacterID: 1
 FrameCount: 1
 BlockCount: 2

  Offset: 26 (0x001a)
  Block type: 1 (SWF_SHOWFRAME)
  Block length: 0


  Offset: 28 (0x001c)
  Block type: 0 (SWF_END)
  Block length: 0


Offset: 30 (0x001e)
Block type: 26 (SWF_PLACEOBJECT2)
Block length: 6

 PlaceFlagHasClipActions 0
 PlaceFlagHasClipDepth 0
 PlaceFlagHasName 0
 PlaceFlagHasRatio 0
 PlaceFlagHasColorTransform 0
 PlaceFlagHasMatrix 1
 PlaceFlagHasCharacter 1
 PlaceFlagMove 0
 Depth 1
 CharacterID: 1
  Matrix:
   TranslateX      0 TranslateY      0

Offset: 38 (0x0026)
Block type: 39 (SWF_DEFINESPRITE)
Block length: 8

 CharacterID: 3
 FrameCount: 1
 BlockCount: 2

  Offset: 44 (0x002c)
  Block type: 1 (SWF_SHOWFRAME)
  Block length: 0


  Offset: 46 (0x002e)
  Block type: 0 (SWF_END)
  Block length: 0


Offset: 48 (0x0030)
Block type: 26 (SWF_PLACEOBJECT2)
Block length: 6

 PlaceFlagHasClipActions 0
 PlaceFlagHasClipDepth 0
 PlaceFlagHasName 0
 PlaceFlagHasRatio 0
 PlaceFlagHasColorTransform 0
 PlaceFlagHasMatrix 1
 PlaceFlagHasCharacter 1
 PlaceFlagMove 0
 Depth 2
 CharacterID: 3
  Matrix:
   TranslateX      0 TranslateY      0

Offset: 56 (0x0038)
Block type: 1 (SWF_SHOWFRAME)
Block length: 0


Offset: 58 (0x003a)
Block type: 0 (SWF_END)
Block length: 0


