File version: 5
File size: 52
Frame size: (0,6400)x(0,4800)
Frame rate: 12.000000 / sec.
Total frames: 1

Offset: 20 (0x0014)
Block type: 57 (SWF_IMPORTASSETS)
Block length: 18

 URL: test.swf
 num assets: 1
 Asset[001]: test

Offset: 40 (0x0028)
Block type: 26 (SWF_PLACEOBJECT2)
Block length: 6

 PlaceFlagHasClipActions 0
 PlaceFlagHasClipDepth 0
 PlaceFlagHasName 0
 PlaceFlagHasRatio 0
 PlaceFlagHasColorTransform 0
 PlaceFlagHasMatrix 1
 PlaceFlagHasCharacter 1
 PlaceFlagMove 0
 Depth 1
 CharacterID: 1
  Matrix:
   TranslateX      0 TranslateY      0

Offset: 48 (0x0030)
Block type: 1 (SWF_SHOWFRAME)
Block length: 0


Offset: 50 (0x0032)
Block type: 0 (SWF_END)
Block length: 0


