File version: 6
File size: 70
Frame size: (0,6400)x(0,4800)
Frame rate: 12.000000 / sec.
Total frames: 1

Offset: 20 (0x0014)
Block type: 12 (SWF_DOACTION)
Block length: 44

 8 Actions
    22:SWFACTION_CONSTANTPOOL
     [000] 1
     [001] 2
    31:SWFACTION_TRY
    Offset 31
    CatchInRegisterFlag 0, FinallyBlockFlag 0, CatchBlockFlag 0
    TrySize 0
    CatchSize 0
    FinallySize 0
    CatchName 
  Try Actions: 0

  Catch Actions: 0

  Finally Actions: 0
  ## TRY END ##

    42:SWFACTION_PUSH
     [000]   Constant: 0 "1"
    47:SWFACTION_PUSH
     [000]   Constant: 1 "2"
    52:SWFACTION_ADD2
    53:SWFACTION_TRACE
    54:SWFACTION_TRY
    Offset 54
    CatchInRegisterFlag 0, FinallyBlockFlag 0, CatchBlockFlag 0
    TrySize 0
    CatchSize 0
    FinallySize 0
    CatchName 
  Try Actions: 0

  Catch Actions: 0

  Finally Actions: 0
  ## TRY END ##

    65:SWFACTION_END

Offset: 66 (0x0042)
Block type: 1 (SWF_SHOWFRAME)
Block length: 0


Offset: 68 (0x0044)
Block type: 0 (SWF_END)
Block length: 0


