File version: 6
File size: 153
Frame size: (0,6400)x(0,4800)
Frame rate: 12.000000 / sec.
Total frames: 1

Offset: 20 (0x0014)
Block type: 12 (SWF_DOACTION)
Block length: 123

 64 Actions
    26:SWFACTION_CONSTANTPOOL
     [000] string
     [001] 66
     [002] 1
     [003] 2
     [004] 3
    47:SWFACTION_PUSHDUP
    48:SWFACTION_STACKSWAP
    49:SWFACTION_PUSH
     [000]   Constant: 0 "string"
     [001]   undefined
     [002]   NULL: 
     [003]   Integer: 12
    61:SWFACTION_POP
    62:SWFACTION_STOREREGISTER
    Register: 1
    66:SWFACTION_CALLFUNCTION
    67:SWFACTION_CALLMETHOD
    68:SWFACTION_BITWISEAND
    69:SWFACTION_BITWISEOR
    70:SWFACTION_BITWISEXOR
    71:SWFACTION_MODULO
    72:SWFACTION_ADD2
    73:SWFACTION_ADD2
    74:SWFACTION_LESS2
    75:SWFACTION_LESS2
    76:SWFACTION_EQUALS2
    77:SWFACTION_EQUALS2
    78:SWFACTION_INCREMENT
    79:SWFACTION_DECREMENT
    80:SWFACTION_ENUMERATE
    81:SWFACTION_ENUMERATE2
    82:SWFACTION_INITOBJECT
    83:SWFACTION_INITARRAY
    84:SWFACTION_GETMEMBER
    85:SWFACTION_SETMEMBER
    86:SWFACTION_SHIFTLEFT
    87:SWFACTION_SHIFTRIGHT
    88:SWFACTION_SHIFTRIGHT2
    89:SWFACTION_ADD
    90:SWFACTION_SUBTRACT
    91:SWFACTION_MULTIPLY
    92:SWFACTION_DIVIDE
    93:SWFACTION_EQUAL
    94:SWFACTION_LESSTHAN
    95:SWFACTION_LOGICALAND
    96:SWFACTION_LOGICALOR
    97:SWFACTION_LOGICALNOT
    98:SWFACTION_STRINGEQ
    99:SWFACTION_STRINGLENGTH
    100:SWFACTION_SUBSTRING
    101:SWFACTION_GETVARIABLE
    102:SWFACTION_SETVARIABLE
    103:SWFACTION_STRINGCOMPARE
    104:SWFACTION_MBLENGTH
    105:SWFACTION_MBSUBSTRING
    106:SWFACTION_MBORD
    107:SWFACTION_MBCHR
    108:SWFACTION_PUSH
     [000]   Constant: 1 "66"
    113:SWFACTION_JUMP
    BranchOffset: 0, TargetOffset: 118
    118:SWFACTION_JUMP
    BranchOffset: 1, TargetOffset: 124
    123:SWFACTION_IF
    BranchOffset: 2, TargetOffset: 130
    1 Action
    128:SWFACTION_PUSH
     [000]   Constant: 2 "1"
     [001]   Constant: 3 "2"
     [002]   Constant: 4 "3"
    137:SWFACTION_TRACE
    138:SWFACTION_TONUMBER
    139:SWFACTION_TOSTRING
    140:SWFACTION_GETPROPERTY
    141:SWFACTION_SETPROPERTY
    142:SWFACTION_IMPLEMENTSOP
    143:SWFACTION_EXTENDS
    144:SWFACTION_FSCOMMAND2
    145:SWFACTION_NEWOBJECT
    146:SWFACTION_DELETE
    147:SWFACTION_DELETE2
    148:SWFACTION_END

Offset: 149 (0x0095)
Block type: 1 (SWF_SHOWFRAME)
Block length: 0


Offset: 151 (0x0097)
Block type: 0 (SWF_END)
Block length: 0


