File version: 6
File size: 206
Frame size: (0,6400)x(0,4800)
Frame rate: 12.000000 / sec.
Total frames: 1

Offset: 20 (0x0014)
Block type: 12 (SWF_DOACTION)
Block length: 176

 29 Actions
    26:SWFACTION_CONSTANTPOOL
     [000] x
     [001] y
     [002] z
     [003] v
     [004] _global
     [005] MyTestClass
     [006] prototype
     [007] ASSetPropFlags
    84:SWFACTION_PUSH
     [000]   Constant: 4 "_global"
    89:SWFACTION_GETVARIABLE
    90:SWFACTION_PUSH
     [000]   Constant: 5 "MyTestClass"
    95:SWFACTION_DEFINEFUNCTION
    Name: 
    NumParams: 0
    CodeSize: 0
    0 Action
    103:SWFACTION_STOREREGISTER
    Register: 1
    107:SWFACTION_SETMEMBER
    108:SWFACTION_PUSH
     [000]   Register: 1
     [001]   Constant: 6 "prototype"
    115:SWFACTION_GETMEMBER
    116:SWFACTION_STOREREGISTER
    Register: 2
    120:SWFACTION_POP
    121:SWFACTION_PUSH
     [000]   Register: 2
     [001]   Constant: 0 "x"
     [002]   Integer: 0
    133:SWFACTION_SETMEMBER
    134:SWFACTION_PUSH
     [000]   Register: 2
     [001]   Constant: 1 "y"
     [002]   Integer: 1
    146:SWFACTION_SETMEMBER
    147:SWFACTION_PUSH
     [000]   Register: 2
     [001]   Constant: 2 "z"
     [002]   undefined
    155:SWFACTION_SETMEMBER
    156:SWFACTION_PUSH
     [000]   Register: 2
     [001]   Constant: 3 "v"
     [002]   undefined
    164:SWFACTION_SETMEMBER
    165:SWFACTION_PUSH
     [000]   Integer: 1
     [001]   NULL: 
     [002]   Constant: 4 "_global"
    176:SWFACTION_GETVARIABLE
    177:SWFACTION_PUSH
     [000]   Constant: 5 "MyTestClass"
    182:SWFACTION_GETMEMBER
    183:SWFACTION_PUSH
     [000]   Constant: 6 "prototype"
    188:SWFACTION_GETMEMBER
    189:SWFACTION_PUSH
     [000]   Integer: 3
     [001]   Constant: 7 "ASSetPropFlags"
    199:SWFACTION_CALLFUNCTION
    200:SWFACTION_POP
    201:SWFACTION_END

Offset: 202 (0x00ca)
Block type: 1 (SWF_SHOWFRAME)
Block length: 0


Offset: 204 (0x00cc)
Block type: 0 (SWF_END)
Block length: 0


