File version: 6
File size: 62
Frame size: (0,6400)x(0,4800)
Frame rate: 12.000000 / sec.
Total frames: 1

Offset: 20 (0x0014)
Block type: 12 (SWF_DOACTION)
Block length: 36

 10 Actions
    22:SWFACTION_CONSTANTPOOL
     [000] obj
     [001] field
    37:SWFACTION_PUSH
     [000]   Constant: 0 "obj"
    42:SWFACTION_DELETE2
    43:SWFACTION_POP
    44:SWFACTION_PUSH
     [000]   Constant: 0 "obj"
    49:SWFACTION_GETVARIABLE
    50:SWFACTION_PUSH
     [000]   Constant: 1 "field"
    55:SWFACTION_DELETE
    56:SWFACTION_POP
    57:SWFACTION_END

Offset: 58 (0x003a)
Block type: 1 (SWF_SHOWFRAME)
Block length: 0


Offset: 60 (0x003c)
Block type: 0 (SWF_END)
Block length: 0


