File version: 6
File size: 170
Frame size: (0,6400)x(0,4800)
Frame rate: 12.000000 / sec.
Total frames: 1

Offset: 20 (0x0014)
Block type: 12 (SWF_DOACTION)
Block length: 140

 32 Actions
    26:SWFACTION_CONSTANTPOOL
     [000] obj
     [001] field
     [002] _root
     [003] map
     [004] ways
     [005] wayselected
     [006] path
     [007] x
     [008] s
     [009] length
    84:SWFACTION_PUSH
     [000]   Constant: 0 "obj"
    89:SWFACTION_DELETE2
    90:SWFACTION_POP
    91:SWFACTION_PUSH
     [000]   Constant: 0 "obj"
    96:SWFACTION_GETVARIABLE
    97:SWFACTION_PUSH
     [000]   Constant: 1 "field"
    102:SWFACTION_DELETE
    103:SWFACTION_POP
    104:SWFACTION_PUSH
     [000]   Constant: 2 "_root"
    109:SWFACTION_GETVARIABLE
    110:SWFACTION_PUSH
     [000]   Constant: 3 "map"
    115:SWFACTION_GETMEMBER
    116:SWFACTION_PUSH
     [000]   Constant: 4 "ways"
    121:SWFACTION_GETMEMBER
    122:SWFACTION_PUSH
     [000]   Constant: 5 "wayselected"
    127:SWFACTION_GETVARIABLE
    128:SWFACTION_GETMEMBER
    129:SWFACTION_PUSH
     [000]   Constant: 6 "path"
    134:SWFACTION_GETMEMBER
    135:SWFACTION_PUSH
     [000]   Constant: 7 "x"
    140:SWFACTION_GETVARIABLE
    141:SWFACTION_GETMEMBER
    142:SWFACTION_PUSH
     [000]   Integer: 4
    150:SWFACTION_DELETE
    151:SWFACTION_POP
    152:SWFACTION_PUSH
     [000]   Constant: 8 "s"
    157:SWFACTION_GETVARIABLE
    158:SWFACTION_PUSH
     [000]   Constant: 9 "length"
    163:SWFACTION_DELETE
    164:SWFACTION_POP
    165:SWFACTION_END

Offset: 166 (0x00a6)
Block type: 1 (SWF_SHOWFRAME)
Block length: 0


Offset: 168 (0x00a8)
Block type: 0 (SWF_END)
Block length: 0


