File version: 6
File size: 32
Frame size: (0,6400)x(0,4800)
Frame rate: 12.000000 / sec.
Total frames: 1

Offset: 20 (0x0014)
Block type: 12 (SWF_DOACTION)
Block length: 6

 2 Actions
    22:SWFACTION_JUMP
    BranchOffset: -5, TargetOffset: 22
    27:SWFACTION_END

Offset: 28 (0x001c)
Block type: 1 (SWF_SHOWFRAME)
Block length: 0


Offset: 30 (0x001e)
Block type: 0 (SWF_END)
Block length: 0


