File version: 6
File size: 204
Frame size: (0,6400)x(0,4800)
Frame rate: 12.000000 / sec.
Total frames: 1

Offset: 20 (0x0014)
Block type: 12 (SWF_DOACTION)
Block length: 174

 30 Actions
    26:SWFACTION_CONSTANTPOOL
     [000] o
     [001] Object
     [002] x
     [003] hi
     [004] y
     [005] foo
     [006] bar
    55:SWFACTION_PUSH
     [000]   Constant: 0 "o"
     [001]   Integer: 0
     [002]   Constant: 1 "Object"
    67:SWFACTION_NEWOBJECT
    68:SWFACTION_SETVARIABLE
    69:SWFACTION_PUSH
     [000]   Constant: 0 "o"
    74:SWFACTION_GETVARIABLE
    75:SWFACTION_PUSH
     [000]   Constant: 2 "x"
     [001]   Constant: 3 "hi"
    82:SWFACTION_SETMEMBER
    83:SWFACTION_PUSH
     [000]   Constant: 0 "o"
    88:SWFACTION_ENUMERATE
    89:SWFACTION_STOREREGISTER
    Register: 0
    93:SWFACTION_PUSH
     [000]   NULL: 
    97:SWFACTION_EQUALS2
    98:SWFACTION_IF
    BranchOffset: 18, TargetOffset: 121
    4 Action
    103:SWFACTION_PUSH
     [000]   Constant: 2 "x"
     [001]   Register: 0
    110:SWFACTION_DEFINELOCAL
    111:SWFACTION_JUMP
    BranchOffset: -27, TargetOffset: 89
    116:SWFACTION_JUMP
    BranchOffset: -32, TargetOffset: 89
    121:SWFACTION_PUSH
     [000]   Constant: 0 "o"
    126:SWFACTION_ENUMERATE
    127:SWFACTION_STOREREGISTER
    Register: 0
    131:SWFACTION_PUSH
     [000]   NULL: 
    135:SWFACTION_EQUALS2
    136:SWFACTION_IF
    BranchOffset: 18, TargetOffset: 159
    4 Action
    141:SWFACTION_PUSH
     [000]   Constant: 4 "y"
     [001]   Register: 0
    148:SWFACTION_SETVARIABLE
    149:SWFACTION_JUMP
    BranchOffset: -27, TargetOffset: 127
    154:SWFACTION_JUMP
    BranchOffset: -32, TargetOffset: 127
    159:SWFACTION_PUSH
     [000]   Constant: 5 "foo"
    164:SWFACTION_GETVARIABLE
    165:SWFACTION_PUSH
     [000]   Constant: 6 "bar"
    170:SWFACTION_GETMEMBER
    171:SWFACTION_ENUMERATE2
    172:SWFACTION_STOREREGISTER
    Register: 0
    176:SWFACTION_PUSH
     [000]   NULL: 
    180:SWFACTION_EQUALS2
    181:SWFACTION_IF
    BranchOffset: 13, TargetOffset: 199
    3 Action
    186:SWFACTION_PUSH
     [000]   Constant: 2 "x"
     [001]   Register: 0
    193:SWFACTION_SETVARIABLE
    194:SWFACTION_JUMP
    BranchOffset: -27, TargetOffset: 172
    199:SWFACTION_END

Offset: 200 (0x00c8)
Block type: 1 (SWF_SHOWFRAME)
Block length: 0


Offset: 202 (0x00ca)
Block type: 0 (SWF_END)
Block length: 0


