File version: 6
File size: 156
Frame size: (0,6400)x(0,4800)
Frame rate: 12.000000 / sec.
Total frames: 1

Offset: 20 (0x0014)
Block type: 12 (SWF_DOACTION)
Block length: 126

 21 Actions
    26:SWFACTION_CONSTANTPOOL
     [000] o
     [001] Object
     [002] x
     [003] hi
     [004] y
    47:SWFACTION_PUSH
     [000]   Constant: 0 "o"
     [001]   Integer: 0
     [002]   Constant: 1 "Object"
    59:SWFACTION_NEWOBJECT
    60:SWFACTION_SETVARIABLE
    61:SWFACTION_PUSH
     [000]   Constant: 0 "o"
    66:SWFACTION_GETVARIABLE
    67:SWFACTION_PUSH
     [000]   Constant: 2 "x"
     [001]   Constant: 3 "hi"
    74:SWFACTION_SETMEMBER
    75:SWFACTION_PUSH
     [000]   Constant: 0 "o"
    80:SWFACTION_ENUMERATE
    81:SWFACTION_STOREREGISTER
    Register: 0
    85:SWFACTION_PUSH
     [000]   NULL: 
    89:SWFACTION_EQUALS2
    90:SWFACTION_IF
    BranchOffset: 18
    4 Action
    95:SWFACTION_PUSH
     [000]   Constant: 2 "x"
     [001]   Register: 0
    102:SWFACTION_DEFINELOCAL
    103:SWFACTION_JUMP
    BranchOffset: -27
    108:SWFACTION_JUMP
    BranchOffset: -32
    113:SWFACTION_PUSH
     [000]   Constant: 0 "o"
    118:SWFACTION_ENUMERATE
    119:SWFACTION_STOREREGISTER
    Register: 0
    123:SWFACTION_PUSH
     [000]   NULL: 
    127:SWFACTION_EQUALS2
    128:SWFACTION_IF
    BranchOffset: 18
    4 Action
    133:SWFACTION_PUSH
     [000]   Constant: 4 "y"
     [001]   Register: 0
    140:SWFACTION_SETVARIABLE
    141:SWFACTION_JUMP
    BranchOffset: -27
    146:SWFACTION_JUMP
    BranchOffset: -32
    151:SWFACTION_END

Offset: 152 (0x0098)
Block type: 1 (SWF_SHOWFRAME)
Block length: 0


Offset: 154 (0x009a)
Block type: 0 (SWF_END)
Block length: 0


