File version: 6
File size: 425
Frame size: (0,6400)x(0,4800)
Frame rate: 12.000000 / sec.
Total frames: 1

Offset: 20 (0x0014)
Block type: 12 (SWF_DOACTION)
Block length: 395

 78 Actions
    26:SWFACTION_CONSTANTPOOL
     [000] myTarget
     [001] test
     [002] window
     [003] _level1
     [004] url
     [005] object
     [006] _level
     [007] 0
     [008] 1
     [009] movie
     [010] newMovie
     [011] _root
    103:SWFACTION_PUSH
     [000]   Constant: 0 "myTarget"
    108:SWFACTION_GETVARIABLE
    109:SWFACTION_TARGETPATH
    110:SWFACTION_POP
    111:SWFACTION_PUSH
     [000]   Constant: 0 "myTarget"
    116:SWFACTION_GETVARIABLE
    117:SWFACTION_TARGETPATH
    118:SWFACTION_TRACE
    119:SWFACTION_PUSH
     [000]   Constant: 1 "test"
    124:SWFACTION_PUSH
     [000]   String: ''
    129:SWFACTION_GETURL2
  Method: none
  Target: Window
  LoadVars: No
  Reserved bits: 0
    133:SWFACTION_PUSH
     [000]   Constant: 1 "test"
     [001]   Constant: 2 "window"
    140:SWFACTION_GETURL2
  Method: none
  Target: Window
  LoadVars: No
  Reserved bits: 0
    144:SWFACTION_PUSH
     [000]   Constant: 1 "test"
     [001]   Constant: 2 "window"
    151:SWFACTION_GETURL2
  Method: none
  Target: Sprite
  LoadVars: No
  Reserved bits: 0
    155:SWFACTION_PUSH
     [000]   Constant: 1 "test"
     [001]   Constant: 2 "window"
    162:SWFACTION_GETVARIABLE
    163:SWFACTION_GETURL2
  Target: Sprite
  LoadVars: No
  Reserved bits: 0
    167:SWFACTION_PUSH
     [000]   Constant: 1 "test"
     [001]   Constant: 3 "_level1"
    174:SWFACTION_GETURL2
  Method: POST
  Target: Sprite
  LoadVars: No
  Reserved bits: 0
    178:SWFACTION_PUSH
     [000]   Constant: 4 "url"
     [001]   Constant: 5 "object"
    185:SWFACTION_GETVARIABLE
    186:SWFACTION_GETURL2
  Method: GET
  Target: Window
  LoadVars: No
  Reserved bits: 0
    190:SWFACTION_PUSH
     [000]   Constant: 4 "url"
     [001]   Constant: 6 "_level"
     [002]   Constant: 5 "object"
    199:SWFACTION_GETVARIABLE
    200:SWFACTION_STRINGCONCAT
    201:SWFACTION_GETURL2
  Method: none
  Target: Window
  LoadVars: No
  Reserved bits: 0
    205:SWFACTION_PUSH
     [000]   Integer: 1
    213:SWFACTION_CALLFRAME
    216:SWFACTION_PUSH
     [000]   Constant: 7 "0"
     [001]   Integer: 1
     [002]   Constant: 5 "object"
    228:SWFACTION_GETVARIABLE
    229:SWFACTION_STARTDRAG
    230:SWFACTION_PUSH
     [000]   Integer: 0
     [001]   Integer: 200
     [002]   Integer: 0
     [003]   Integer: 200
     [004]   Constant: 8 "1"
     [005]   Integer: 0
     [006]   Constant: 5 "object"
    262:SWFACTION_GETVARIABLE
    263:SWFACTION_STARTDRAG
    264:SWFACTION_ENDDRAG
    265:SWFACTION_PUSH
     [000]   Constant: 9 "movie"
    270:SWFACTION_GETVARIABLE
    271:SWFACTION_PUSH
     [000]   Constant: 10 "newMovie"
     [001]   Integer: 100
     [002]   Integer: 16384
    286:SWFACTION_ADD
    287:SWFACTION_DUPLICATECLIP
    288:SWFACTION_PUSH
     [000]   Constant: 9 "movie"
     [001]   Constant: 10 "newMovie"
     [002]   Integer: 100
     [003]   Integer: 16384
    305:SWFACTION_ADD
    306:SWFACTION_DUPLICATECLIP
    307:SWFACTION_NEXTFRAME
    309:SWFACTION_PLAY
    310:SWFACTION_STOP
    311:SWFACTION_TOGGLEQUALITY
    312:SWFACTION_GOTOFRAME
     Frame: 0
    317:SWFACTION_PLAY
    318:SWFACTION_GOTOFRAME
     Frame: 0
    323:SWFACTION_STOP
    324:SWFACTION_GOTOLABEL
    332:SWFACTION_PLAY
    333:SWFACTION_GOTOLABEL
    341:SWFACTION_STOP
    342:SWFACTION_SETTARGET
     TargetName: xx
    348:SWFACTION_PUSH
     [000]   Constant: 11 "_root"
    353:SWFACTION_GETVARIABLE
    354:SWFACTION_PUSH
     [000]   Float: 0.000000
     [001]   Integer: 0
    367:SWFACTION_SETPROPERTY
    368:SWFACTION_PUSH
     [000]   Constant: 11 "_root"
    373:SWFACTION_GETVARIABLE
    374:SWFACTION_PUSH
     [000]   Float: 0.000000
     [001]   Integer: 0
    387:SWFACTION_SETPROPERTY
    388:SWFACTION_PUSH
     [000]   Constant: 11 "_root"
    393:SWFACTION_GETVARIABLE
    394:SWFACTION_PUSH
     [000]   Float: 1.000000
    402:SWFACTION_GETPROPERTY
    403:SWFACTION_POP
    404:SWFACTION_PUSH
     [000]   Constant: 11 "_root"
    409:SWFACTION_GETVARIABLE
    410:SWFACTION_PUSH
     [000]   Float: 1.000000
    418:SWFACTION_GETPROPERTY
    419:SWFACTION_POP
    420:SWFACTION_END

Offset: 421 (0x01a5)
Block type: 1 (SWF_SHOWFRAME)
Block length: 0


Offset: 423 (0x01a7)
Block type: 0 (SWF_END)
Block length: 0


