File version: 6
File size: 347
Frame size: (0,6400)x(0,4800)
Frame rate: 12.000000 / sec.
Total frames: 1

Offset: 20 (0x0014)
Block type: 12 (SWF_DOACTION)
Block length: 317

 60 Actions
    26:SWFACTION_CONSTANTPOOL
     [000] myTarget
     [001] test
     [002] window
     [003] _level1
     [004] url
     [005] object
     [006] _level
     [007] 0
     [008] 1
     [009] movie
     [010] newMovie
    97:SWFACTION_PUSH
     [000]   Constant: 0 "myTarget"
    102:SWFACTION_GETVARIABLE
    103:SWFACTION_TARGETPATH
    104:SWFACTION_POP
    105:SWFACTION_PUSH
     [000]   Constant: 0 "myTarget"
    110:SWFACTION_GETVARIABLE
    111:SWFACTION_TARGETPATH
    112:SWFACTION_TRACE
    113:SWFACTION_PUSH
     [000]   Constant: 1 "test"
    118:SWFACTION_PUSH
     [000]   String: ''
    0:SWFACTION_GETURL2
  Method: none
  Target: Window
  LoadVars: No
  Reserved bits: 0
    127:SWFACTION_PUSH
     [000]   Constant: 1 "test"
     [001]   Constant: 2 "window"
    0:SWFACTION_GETURL2
  Method: none
  Target: Window
  LoadVars: No
  Reserved bits: 0
    138:SWFACTION_PUSH
     [000]   Constant: 1 "test"
     [001]   Constant: 2 "window"
    64:SWFACTION_GETURL2
  Method: none
  Target: Sprite
  LoadVars: No
  Reserved bits: 0
    149:SWFACTION_PUSH
     [000]   Constant: 1 "test"
     [001]   Constant: 2 "window"
    156:SWFACTION_GETVARIABLE
    67:SWFACTION_GETURL2
  Target: Sprite
  LoadVars: No
  Reserved bits: 0
    161:SWFACTION_PUSH
     [000]   Constant: 1 "test"
     [001]   Constant: 3 "_level1"
    66:SWFACTION_GETURL2
  Method: POST
  Target: Sprite
  LoadVars: No
  Reserved bits: 0
    172:SWFACTION_PUSH
     [000]   Constant: 4 "url"
     [001]   Constant: 5 "object"
    179:SWFACTION_GETVARIABLE
    1:SWFACTION_GETURL2
  Method: GET
  Target: Window
  LoadVars: No
  Reserved bits: 0
    184:SWFACTION_PUSH
     [000]   Constant: 4 "url"
     [001]   Constant: 6 "_level"
     [002]   Constant: 5 "object"
    193:SWFACTION_GETVARIABLE
    194:SWFACTION_STRINGCONCAT
    0:SWFACTION_GETURL2
  Method: none
  Target: Window
  LoadVars: No
  Reserved bits: 0
    199:SWFACTION_PUSH
     [000]   Integer: 1
    207:SWFACTION_CALLFRAME
    210:SWFACTION_PUSH
     [000]   Constant: 7 "0"
     [001]   Integer: 1
     [002]   Constant: 5 "object"
    222:SWFACTION_GETVARIABLE
    223:SWFACTION_STARTDRAG
    224:SWFACTION_PUSH
     [000]   Integer: 0
     [001]   Integer: 200
     [002]   Integer: 0
     [003]   Integer: 200
     [004]   Constant: 8 "1"
     [005]   Integer: 0
     [006]   Constant: 5 "object"
    256:SWFACTION_GETVARIABLE
    257:SWFACTION_STARTDRAG
    258:SWFACTION_ENDDRAG
    259:SWFACTION_PUSH
     [000]   Constant: 9 "movie"
    264:SWFACTION_GETVARIABLE
    265:SWFACTION_PUSH
     [000]   Constant: 10 "newMovie"
     [001]   Integer: 100
     [002]   Integer: 16384
    280:SWFACTION_ADD
    281:SWFACTION_DUPLICATECLIP
    282:SWFACTION_PUSH
     [000]   Constant: 9 "movie"
     [001]   Constant: 10 "newMovie"
     [002]   Integer: 100
     [003]   Integer: 16384
    299:SWFACTION_ADD
    300:SWFACTION_DUPLICATECLIP
    301:SWFACTION_NEXTFRAME
    303:SWFACTION_PLAY
    304:SWFACTION_STOP
    305:SWFACTION_TOGGLEQUALITY
    306:SWFACTION_GOTOFRAME
     Frame: 0
    311:SWFACTION_PLAY
    312:SWFACTION_GOTOFRAME
     Frame: 0
    317:SWFACTION_STOP
    318:SWFACTION_GOTOLABEL
    326:SWFACTION_PLAY
    327:SWFACTION_GOTOLABEL
    335:SWFACTION_STOP
    336:SWFACTION_SETTARGET
    342:SWFACTION_END

Offset: 343 (0x0157)
Block type: 1 (SWF_SHOWFRAME)
Block length: 0


Offset: 345 (0x0159)
Block type: 0 (SWF_END)
Block length: 0


