File version: 6
File size: 49
Frame size: (0,6400)x(0,4800)
Frame rate: 12.000000 / sec.
Total frames: 1

Offset: 20 (0x0014)
Block type: 12 (SWF_DOACTION)
Block length: 23

 6 Actions
    SWFACTION_CONSTANTPOOL
     [000] test
    SWFACTION_PUSH
     [000]   Constant: 0 "test"
    SWFACTION_TRACE
    SWFACTION_PUSH
     [000]   Constant: 0 "test"
    SWFACTION_TRACE
    SWFACTION_END

Offset: 45 (0x002d)
Block type: 1 (SWF_SHOWFRAME)
Block length: 0


Offset: 47 (0x002f)
Block type: 0 (SWF_END)
Block length: 0


