File version: 8
File size: 456
Frame size: (0,6400)x(0,4800)
Frame rate: 12.000000 / sec.
Total frames: 1

Offset: 20 (0x0014)
Block type: 69 (SWF_FILEATTRIBUTES)
Block length: 4

 FileAttributes: HasMetaData 0, UseNetwork 0, HasAS3 0

Offset: 26 (0x001a)
Block type: 21 (SWF_DEFINEBITSJPEG2)
Block length: 370

 CharacterID: 1

Offset: 402 (0x0192)
Block type: 32 (SWF_DEFINESHAPE3)
Block length: 40

 CharacterID: 2
 RECT:  (-10,-10)x(2010,2010):12
 FillStyleArray:  FillStyleCount:      1  FillStyleCountExtended:      0
 FillStyle:  FillStyleType: 40
 BitmapID: 1
  Matrix:
   ScaleX 20.000000 ScaleY 20.000000
   TranslateX      0 TranslateY      0
 LineStyleArray:  LineStyleCount: 1
 LineStyle:  Width: 20
 RGBA: ( 0, 0, 0,ff)
 NumFillBits: 1
 NumLineBits: 1
 StyleChangeRecord:
  StateNewStyles: 0 StateLineStyle: 1  StateFillStyle1: 1
  StateFillStyle0: 0 StateMoveTo: 0
   LineStyle: 1
   FillStyle1: 1
 Straight EdgeRecord: (10) - (2000, 0)
 Straight EdgeRecord: (10) - (0, 2000)
 Straight EdgeRecord: (10) - (-2000, 0)
 Straight EdgeRecord: (10) - (0, -2000)
  ENDSHAPE

Offset: 444 (0x01bc)
Block type: 26 (SWF_PLACEOBJECT2)
Block length: 6

 PlaceFlagHasClipActions 0
 PlaceFlagHasClipDepth 0
 PlaceFlagHasName 0
 PlaceFlagHasRatio 0
 PlaceFlagHasColorTransform 0
 PlaceFlagHasMatrix 1
 PlaceFlagHasCharacter 1
 PlaceFlagMove 0
 Depth 1
 CharacterID: 2
  Matrix:
   TranslateX      0 TranslateY      0

Offset: 452 (0x01c4)
Block type: 1 (SWF_SHOWFRAME)
Block length: 0


Offset: 454 (0x01c6)
Block type: 0 (SWF_END)
Block length: 0


