File version: 8
File size: 69
Frame size: (0,6400)x(0,4800)
Frame rate: 12.000000 / sec.
Total frames: 1

Offset: 20 (0x0014)
Block type: 69 (SWF_FILEATTRIBUTES)
Block length: 4

 FileAttributes: HasMetaData 0, UseNetwork 0, HasAS3 0

Offset: 26 (0x001a)
Block type: 32 (SWF_DEFINESHAPE3)
Block length: 8

 CharacterID: 1
 RECT:  (0,0)x(0,0):1
 FillStyleArray:  FillStyleCount:      0  FillStyleCountExtended:      0
 LineStyleArray:  LineStyleCount: 0
 NumFillBits: 0
 NumLineBits: 0
  ENDSHAPE

Offset: 36 (0x0024)
Block type: 26 (SWF_PLACEOBJECT2)
Block length: 6

 PlaceFlagHasClipActions 0
 PlaceFlagHasClipDepth 0
 PlaceFlagHasName 0
 PlaceFlagHasRatio 0
 PlaceFlagHasColorTransform 0
 PlaceFlagHasMatrix 1
 PlaceFlagHasCharacter 1
 PlaceFlagMove 0
 Depth 1
 CharacterID: 1
  Matrix:
   TranslateX      0 TranslateY      0

Offset: 44 (0x002c)
Block type: 83 (SWF_DEFINESHAPE4)
Block length: 11

 CharacterID: 2
 RECT:  (0,0)x(0,0):1
 RECT:  (0,0)x(0,0):1
   UsesNonScalingStrokes: 0
   UsesScalingStrokes: 0
 FillStyleArray:  FillStyleCount:      0  FillStyleCountExtended:      0
 LineStyleArray:  LineStyleCount: 0
 NumFillBits: 0
 NumLineBits: 0
  ENDSHAPE

Offset: 57 (0x0039)
Block type: 26 (SWF_PLACEOBJECT2)
Block length: 6

 PlaceFlagHasClipActions 0
 PlaceFlagHasClipDepth 0
 PlaceFlagHasName 0
 PlaceFlagHasRatio 0
 PlaceFlagHasColorTransform 0
 PlaceFlagHasMatrix 1
 PlaceFlagHasCharacter 1
 PlaceFlagMove 0
 Depth 2
 CharacterID: 2
  Matrix:
   TranslateX      0 TranslateY      0

Offset: 65 (0x0041)
Block type: 1 (SWF_SHOWFRAME)
Block length: 0


Offset: 67 (0x0043)
Block type: 0 (SWF_END)
Block length: 0


