File version: 8
File size: 74
Frame size: (0,6400)x(0,4800)
Frame rate: 12.000000 / sec.
Total frames: 1

Offset: 20 (0x0014)
Block type: 9 (SWF_SETBACKGROUNDCOLOR)
Block length: 3

 RGBA: (ff,ff,ff,ff)

Offset: 25 (0x0019)
Block type: 69 (SWF_FILEATTRIBUTES)
Block length: 4

 FileAttributes: HasMetaData 0, UseNetwork 1

Offset: 31 (0x001f)
Block type: 32 (SWF_DEFINESHAPE3)
Block length: 8

 ShapeID: 1
 RECT:  (0,0)x(0,0):1
 FillStyleArray:  FillStyleCount:      0  FillStyleCountExtended:      0
 LineStyleArray:  LineStyleCount:      0  LineStyleCountExtended:      0
 NumFillBits: 0
 NumLineBits: 0
  ENDSHAPE

Offset: 41 (0x0029)
Block type: 26 (SWF_PLACEOBJECT2)
Block length: 6

 PlaceFlagHasClipActions 0
 PlaceFlagHasClipDepth 0
 PlaceFlagHasName 0
 PlaceFlagHasRatio 0
 PlaceFlagHasColorTransform 0
 PlaceFlagHasMatrix 1
 PlaceFlagHasCharacter 1
 PlaceFlagMove 0
 Depth 1
 CharacterId: 1
 Matrix:    TranslateX      0 TranslateY      0

Offset: 49 (0x0031)
Block type: 83 (SWF_DEFINESHAPE4)
Block length: 11

 ShapeID: 2
 RECT:  (0,0)x(0,0):1
 RECT:  (0,0)x(0,0):1
   UsesNonScalingStrokes: 0
   UsesScalingStrokes: 0
 FillStyleArray:  FillStyleCount:      0  FillStyleCountExtended:      0
 LineStyleArray:  LineStyleCount:      0  LineStyleCountExtended:      0
 NumFillBits: 0
 NumLineBits: 0
  ENDSHAPE

Offset: 62 (0x003e)
Block type: 26 (SWF_PLACEOBJECT2)
Block length: 6

 PlaceFlagHasClipActions 0
 PlaceFlagHasClipDepth 0
 PlaceFlagHasName 0
 PlaceFlagHasRatio 0
 PlaceFlagHasColorTransform 0
 PlaceFlagHasMatrix 1
 PlaceFlagHasCharacter 1
 PlaceFlagMove 0
 Depth 2
 CharacterId: 2
 Matrix:    TranslateX      0 TranslateY      0

Offset: 70 (0x0046)
Block type: 1 (SWF_SHOWFRAME)
Block length: 0


Offset: 72 (0x0048)
Block type: 0 (SWF_END)
Block length: 0


