File version: 8
File size: 219
Frame size: (0,6400)x(0,4800)
Frame rate: 12.000000 / sec.
Total frames: 1

Offset: 20 (0x0014)
Block type: 69 (SWF_FILEATTRIBUTES)
Block length: 4

 FileAttributes: HasMetaData 0, UseNetwork 0, HasAS3 0

Offset: 26 (0x001a)
Block type: 20 (SWF_DEFINELOSSLESS)
Block length: 141

 CharacterID: 1
 Bitmap format 5
 Bitmap width 20 x height 20

Offset: 173 (0x00ad)
Block type: 32 (SWF_DEFINESHAPE3)
Block length: 32

 CharacterID: 2
 RECT:  (0,0)x(400,400):10
 FillStyleArray:  FillStyleCount:      1  FillStyleCountExtended:      0
 FillStyle:  FillStyleType: 40
 BitmapID: 1
  Matrix:
   ScaleX 20.000000 ScaleY 20.000000
   TranslateX      0 TranslateY      0
 LineStyleArray:  LineStyleCount: 0
 NumFillBits: 1
 NumLineBits: 0
 StyleChangeRecord:
  StateNewStyles: 0 StateLineStyle: 0  StateFillStyle1: 1
  StateFillStyle0: 0 StateMoveTo: 0
   FillStyle1: 1
 Straight EdgeRecord: (8) - (400, 0)
 Straight EdgeRecord: (8) - (0, 400)
 Straight EdgeRecord: (8) - (-400, 0)
 Straight EdgeRecord: (8) - (0, -400)
  ENDSHAPE

Offset: 207 (0x00cf)
Block type: 26 (SWF_PLACEOBJECT2)
Block length: 6

 PlaceFlagHasClipActions 0
 PlaceFlagHasClipDepth 0
 PlaceFlagHasName 0
 PlaceFlagHasRatio 0
 PlaceFlagHasColorTransform 0
 PlaceFlagHasMatrix 1
 PlaceFlagHasCharacter 1
 PlaceFlagMove 0
 Depth 1
 CharacterID: 2
  Matrix:
   TranslateX      0 TranslateY      0

Offset: 215 (0x00d7)
Block type: 1 (SWF_SHOWFRAME)
Block length: 0


Offset: 217 (0x00d9)
Block type: 0 (SWF_END)
Block length: 0


