File version: 5
File size: 136
Frame size: (0,6400)x(0,4800)
Frame rate: 12.000000 / sec.
Total frames: 1

Offset: 20 (0x0014)
Block type: 48 (SWF_DEFINEFONT2)
Block length: 68

 FontID: 2
 FontFlagsHasLayout: 1
 FontFlagsShiftJis: 0
 FontFlagsSmallText: 0
 FontFlagsFlagANSI: 0
 FontFlagsWideOffsets: 1
 FontFlagsWideCodes: 1
 FontFlagsFlagsItalics: 0
 FontFlagsFlagsBold: 0
 LanguageCode: 0
 FontNameLen: 19
 FontName: Bitstream Vera Sans
 NumGlyphs: 1
 OffsetTable[000]: 8
 CodeTableOffset: 17
 Shape[000]
 NumFillBits: 1
 NumLineBits: 0
 StyleChangeRecord:
  StateNewStyles: 0 StateLineStyle: 0  StateFillStyle1: 0
  StateFillStyle0: 1 StateMoveTo: 1
   FillStyle0: 1
   MoveBits: 11  MoveDeltaX: 215  MoveDeltaY: -782
 Straight EdgeRecord: (9) - (0, 1023)
 Straight EdgeRecord: (6) - (-85, 0)
 Straight EdgeRecord: (9) - (0, -1023)
 Straight EdgeRecord: (6) - (85, 0)
 CodeTable[000]: 007c
 FontAscent: 950
 FontDecent: 241
 FontLeading: 0
 FontAdvanceTable[000]: 159
 FontBoundsTable: (not used)
 RECT:  (130,-782)x(215,241):11
 KerningCount: 0

Offset: 94 (0x005e)
Block type: 11 (SWF_DEFINETEXT)
Block length: 28

 CharacterID: 1
 RECT:  (0,-305)x(30317,94):16
  Matrix:
   TranslateX      0 TranslateY      0
 GlyphBits: 0
 AdvanceBits: 9
 TextRecords: 2
 TEXTRECORD:   TextRecordType: 1   StyleFlagsReserved: 0   StyleFlagHasFont: 1   StyleFlagHasColor: 1   StyleFlagHasYOffset: 0   StyleFlagHasXOffset: 1
  FontID: 2
 RGBA: ( 0, 0, 0,ff)
  XOffset: 30234   YOffset: 0
  TextHeight: 400
  GlyphCount: 1
   GlyphIndex[0] = 0000    GlyphAdvance[0] = 0086
 TEXTRECORD:   TextRecordType: 0   StyleFlagsReserved: 0   StyleFlagHasFont: 0   StyleFlagHasColor: 0   StyleFlagHasYOffset: 0   StyleFlagHasXOffset: 0

Offset: 124 (0x007c)
Block type: 26 (SWF_PLACEOBJECT2)
Block length: 6

 PlaceFlagHasClipActions 0
 PlaceFlagHasClipDepth 0
 PlaceFlagHasName 0
 PlaceFlagHasRatio 0
 PlaceFlagHasColorTransform 0
 PlaceFlagHasMatrix 1
 PlaceFlagHasCharacter 1
 PlaceFlagMove 0
 Depth 1
 CharacterID: 1
  Matrix:
   TranslateX      0 TranslateY      0

Offset: 132 (0x0084)
Block type: 1 (SWF_SHOWFRAME)
Block length: 0


Offset: 134 (0x0086)
Block type: 0 (SWF_END)
Block length: 0


